Partial/Required:  4.95, Required:    400.0, Partial:  1978.29, Net: net11, Pin: _11824_/D, Layer: met3
Partial/Required:  4.44, Required:    400.0, Partial:  1775.11, Net: _04185_, Pin: _09044_/C, Layer: met3
Partial/Required:  3.36, Required:    400.0, Partial:  1343.55, Net: _02223_, Pin: _06976_/C1, Layer: met3
Partial/Required:  2.84, Required:    400.0, Partial:  1135.13, Net: _03428_, Pin: _08384_/A2, Layer: met3
Partial/Required:  2.57, Required:    400.0, Partial:  1029.82, Net: _03356_, Pin: _08271_/A2, Layer: met3
Partial/Required:  2.56, Required:    400.0, Partial:  1023.55, Net: _02484_, Pin: _07247_/C1, Layer: met3
Partial/Required:  2.47, Required:    400.0, Partial:   987.68, Net: _04874_, Pin: _10128_/S, Layer: met3
Partial/Required:  2.32, Required:    400.0, Partial:   927.16, Net: _03283_, Pin: _08084_/B1, Layer: met3
Partial/Required:  2.23, Required:    400.0, Partial:   892.38, Net: _03325_, Pin: _08452_/B1, Layer: met3
Partial/Required:  2.09, Required:    400.0, Partial:   834.23, Net: net159, Pin: output159/A, Layer: met2
Partial/Required:  1.99, Required:    400.0, Partial:   797.61, Net: _01638_, Pin: _06717_/B1, Layer: met3
Partial/Required:  1.95, Required:    400.0, Partial:   781.96, Net: _03284_, Pin: _08488_/A2, Layer: met4
Partial/Required:  1.94, Required:    400.0, Partial:   775.43, Net: _01645_, Pin: _07076_/A2, Layer: met3
Partial/Required:  1.89, Required:    400.0, Partial:   754.36, Net: _01576_, Pin: _06460_/A2, Layer: met3
Partial/Required:  1.88, Required:    400.0, Partial:   751.32, Net: _03286_, Pin: _08331_/B1, Layer: met3
Partial/Required:  1.82, Required:    400.0, Partial:   727.66, Net: _03304_, Pin: _08285_/A2, Layer: met3
Partial/Required:  1.81, Required:    400.0, Partial:    724.3, Net: _03284_, Pin: _08421_/A2, Layer: met3
Partial/Required:  1.77, Required:    400.0, Partial:   707.32, Net: net117, Pin: output117/A, Layer: met3
Partial/Required:  1.75, Required:    400.0, Partial:   699.99, Net: _03265_, Pin: _08372_/A2, Layer: met3
Partial/Required:  1.74, Required:    400.0, Partial:   697.66, Net: _03357_, Pin: _08212_/B1, Layer: met3
Partial/Required:  1.74, Required:    400.0, Partial:   697.66, Net: _03357_, Pin: _08396_/B1, Layer: met3
Partial/Required:  1.74, Required:    400.0, Partial:   694.69, Net: _03265_, Pin: _08064_/A2, Layer: met3
Partial/Required:  1.72, Required:    400.0, Partial:   689.33, Net: _03284_, Pin: _08331_/A2, Layer: met3
Partial/Required:  1.70, Required:    400.0, Partial:   679.53, Net: _01612_, Pin: _07671_/B1, Layer: met3
Partial/Required:  1.70, Required:    400.0, Partial:   679.53, Net: _01612_, Pin: _07075_/A2, Layer: met3
Partial/Required:  1.68, Required:    400.0, Partial:   673.87, Net: _03370_, Pin: _08581_/B1, Layer: met3
Partial/Required:  1.68, Required:    400.0, Partial:   673.87, Net: _03370_, Pin: _08492_/B1, Layer: met3
Partial/Required:  1.67, Required:    400.0, Partial:    667.5, Net: net104, Pin: output104/A, Layer: met2
Partial/Required:  1.67, Required:    400.0, Partial:   666.44, Net: _02992_, Pin: _07777_/C1, Layer: met3
Partial/Required:  1.64, Required:    400.0, Partial:   656.23, Net: _01679_, Pin: _07082_/B1, Layer: met3
Partial/Required:  1.60, Required:    400.0, Partial:   641.16, Net: _03313_, Pin: _08229_/B1, Layer: met3
Partial/Required:  1.58, Required:    400.0, Partial:   632.24, Net: _03505_, Pin: _08660_/B1, Layer: met3
Partial/Required:  1.56, Required:    400.0, Partial:   625.52, Net: _04874_, Pin: _10134_/S, Layer: met3
Partial/Required:  1.52, Required:    400.0, Partial:   608.17, Net: u_decod.rs1_data_q\[30\], Pin: _07879_/A0, Layer: met2
Partial/Required:  1.51, Required:    400.0, Partial:   603.43, Net: _05199_, Pin: _10723_/S, Layer: met3
Partial/Required:  1.48, Required:    400.0, Partial:   592.42, Net: _03409_, Pin: _08592_/A2, Layer: met3
Partial/Required:  1.35, Required:    400.0, Partial:   539.09, Net: _01627_, Pin: _06723_/B1, Layer: met3
Partial/Required:  1.33, Required:    400.0, Partial:   533.36, Net: net160, Pin: output160/A, Layer: met2
Partial/Required:  1.33, Required:    400.0, Partial:   531.72, Net: _03285_, Pin: _08548_/B1, Layer: met3
Partial/Required:  1.33, Required:    400.0, Partial:   531.72, Net: _03285_, Pin: _08274_/B1, Layer: met3
Partial/Required:  1.33, Required:    400.0, Partial:   531.14, Net: _03349_, Pin: _08214_/B1, Layer: met3
Partial/Required:  1.26, Required:    400.0, Partial:   504.13, Net: _05333_, Pin: _10971_/S, Layer: met3
Partial/Required:  1.24, Required:    400.0, Partial:    495.8, Net: net160, Pin: output160/A, Layer: met3
Partial/Required:  1.23, Required:    400.0, Partial:   490.96, Net: _03322_, Pin: _08287_/A2, Layer: met3
Partial/Required:  1.23, Required:    400.0, Partial:   490.96, Net: _03322_, Pin: _08189_/A2, Layer: met3
Partial/Required:  1.22, Required:    400.0, Partial:   486.86, Net: _01592_, Pin: _07378_/A2, Layer: met2
Partial/Required:  1.20, Required:    400.0, Partial:   478.88, Net: _03420_, Pin: _08519_/A2, Layer: met2
Partial/Required:  1.18, Required:    400.0, Partial:   471.66, Net: _03421_, Pin: _08755_/B1, Layer: met3
Partial/Required:  1.16, Required:    400.0, Partial:   465.71, Net: _03387_, Pin: _08262_/A2, Layer: met3
Partial/Required:  1.15, Required:    400.0, Partial:   459.77, Net: _03277_, Pin: _08374_/B1, Layer: met3
Partial/Required:  1.14, Required:    400.0, Partial:   456.94, Net: _03303_, Pin: _08105_/B1, Layer: met2
Partial/Required:  1.12, Required:    400.0, Partial:   447.49, Net: u_decod.rs1_data_q\[27\], Pin: _07747_/A0, Layer: met3
Partial/Required:  1.12, Required:    400.0, Partial:   447.09, Net: _03174_, Pin: _08561_/A2, Layer: met3
Partial/Required:  1.12, Required:    400.0, Partial:   447.09, Net: _03174_, Pin: _08274_/A2, Layer: met3
Partial/Required:  1.11, Required:    400.0, Partial:   442.76, Net: _03357_, Pin: _08719_/B1, Layer: met3
Partial/Required:  1.11, Required:    400.0, Partial:   442.51, Net: _03356_, Pin: _08784_/B1, Layer: met3
Partial/Required:  1.08, Required:    400.0, Partial:   431.52, Net: _03330_, Pin: _08552_/A2, Layer: met3
Partial/Required:  1.07, Required:    400.0, Partial:   428.54, Net: _03306_, Pin: _08790_/B1, Layer: met3
Partial/Required:  1.07, Required:    400.0, Partial:   428.02, Net: _03304_, Pin: _08546_/A2, Layer: met3
Partial/Required:  1.06, Required:    400.0, Partial:    424.0, Net: u_decod.dec0.funct7\[4\], Pin: hold144/A, Layer: met2
Partial/Required:  1.05, Required:    400.0, Partial:   421.49, Net: _03505_, Pin: _08399_/B1, Layer: met4
Partial/Required:  1.05, Required:    400.0, Partial:   418.13, Net: _02604_, Pin: _07522_/B1, Layer: met3
Partial/Required:  1.04, Required:    400.0, Partial:   415.87, Net: _01644_, Pin: _07240_/A2, Layer: met2
Partial/Required:  1.03, Required:    400.0, Partial:   411.15, Net: _03374_, Pin: _08600_/B1, Layer: met3
Partial/Required:  1.03, Required:    400.0, Partial:   411.15, Net: _03374_, Pin: _08665_/B1, Layer: met3
Partial/Required:  1.03, Required:    400.0, Partial:   411.15, Net: _03374_, Pin: _08728_/B1, Layer: met3
Partial/Required:  1.03, Required:    400.0, Partial:   411.15, Net: _03374_, Pin: _08425_/B1, Layer: met3
Partial/Required:  1.02, Required:    400.0, Partial:   409.79, Net: _01576_, Pin: _06319_/A2, Layer: met3
Partial/Required:  1.02, Required:    400.0, Partial:   407.75, Net: net3, Pin: _11816_/D, Layer: met3
Partial/Required:  1.02, Required:    400.0, Partial:   407.01, Net: _03353_, Pin: _08485_/A2, Layer: met3
Partial/Required:  1.02, Required:   2778.2, Partial:  2821.59, Net: net8, Pin: _11821_/D, Layer: met4
Partial/Required:  1.01, Required:    400.0, Partial:   403.14, Net: _03409_, Pin: _08210_/A2, Layer: met3
